C:\Users\91900>git --version

git version 2.41.0.windows.1

C:\Users\91900>git config

usage: git config [<options>]

verify global configuration
C:\Users\91900>git config --global --list

output:

filter.lfs.smudge=git-lfs smudge -- %f
filter.lfs.process=git-lfs filter-process
filter.lfs.required=true
filter.lfs.clean=git-lfs clean -- %f
user.email=sachincpp333@gmail.com
user.name=callmepathak

note:
✅ Your global Git username is callmepathak.
✅ Your global email is sachincpp333@gmail.com.

These settings apply to all Git repositories on your computer unless a repository 
overrides them with local settings.

#set globally(name and email)

git config --global user.name "Sachin Kumar"
git config --global user.email "sachincpp333@gmail.com"

#set for current repository

git config user.name "Sachin Kumar"
git config user.email "sachincpp333@gmail.com"

#Verify configuration
git config --global --get user.name
git config --global --get user.email

  # Or list all global Git configuration:
  git config --global --list

#check local repository setting
 git config --local --list  

#command
git status

note:
git status is typically the first command developers run before adding,
committing, pulling, or pushing changes because it provides a clear 
snapshot of the repository's current state.

<-------initializing project---->
#command
git init
   or
git init -b main

#check default branch
git config --global init.defaultBranch

note:
git init is the command used to initialize a new Git repository.

Inside the .git folder

After running:

git init

You'll have something like:

.git/
│── HEAD
│── config
│── description
│── hooks/
│── info/
│── objects/
│── refs/

Some important files/directories:

HEAD → Points to the current branch.
config → Repository-specific Git configuration.
objects/ → Stores all commits, files, and trees.
refs/ → Stores branch and tag references.

#stagging area file is tracked by git
now add the file to stagging area

PS D:\Git-command> git add first-project.txt

note:
Changes to be committed:
  (use "git rm --cached <file>..." to unstage)

<----after staging area perform commit---->
#command
PS D:\Git-command> git commit -m "my first commit"

output:
[main (root-commit) c5209bd] my first commit
 1 file changed, 1 insertion(+)
 create mode 100644 first-project.txt

<----check log----->
#command
PS D:\Git-command> git log

output:
commit c5209bdbecd731c304ae6f4371f611cd3acf0d7e (HEAD -> main)
Author: callmepathak <sachincpp333@gmail.com>
Date:   Thu Jul 2 19:26:40 2026 +0530

    my first commit

Note: whenever you perform any changes, first move the files to stagging area then perform commit.    
PS D:\Git-command> git add first-project.txt
PS D:\Git-command> git commit -m "my second commit"
[main 5f60755] my second commit
 1 file changed, 1 insertion(+), 1 deletion(-)

#skipping the staging area and directly performing commit from working directory
#command
PS D:\Git-command> git commit -a -m "my third  commit"

output:
[main b8f3904] my third  commit
 1 file changed, 1 insertion(+), 1 deletion(-)


#command
# See unstaged changes
git diff

# See staged changes
git diff --staged

# See all changes since the last commit
git diff HEAD

Note:
it diff is used to see the exact changes made to your files. 
It compares different versions of your code and shows what was
 added, removed, or modified.

#command
PS D:\Git-command> git add . (adding all files to staging area)
PS D:\Git-command> git status
On branch main
Changes to be committed:
  (use "git restore --staged <file>..." to unstage)
        new file:   command.txt
        new file:   cred.txt
        modified:   first-project.txt

<-----removing file from git and making it untracked. later you can delete it from your working Repository--------->
#command
PS D:\Git-command> git rm --cached cred.txt
rm 'cred.txt'

output:
PS D:\Git-command> git status
On branch main
Changes to be committed:
  (use "git restore --staged <file>..." to unstage)
        deleted:    cred.txt

Untracked files:
  (use "git add <file>..." to include in what will be committed)
        cred.txt

<---------points to remember---------->

git init -b main → Use this when creating a brand-new project and 
                   you want the default branch to be main.
git branch -M main → Rename the current branch to main.


<------connect your working directory to remote repository--->(connecting through ssh)
Step:1
#command (write the command and press Enter)

PS D:\Git-command> ssh-keygen -o
Generating public/private ed25519 key pair.
Enter file in which to save the key (C:\Users\91900/.ssh/id_ed25519): 
C:\Users\91900/.ssh/id_ed25519 already exists.
Overwrite (y/n)? y
Enter passphrase (empty for no passphrase): 
Enter same passphrase again: 

<------#----important------->
Your identification has been saved in C:\Users\91900/.ssh/id_ed25519
Your public key has been saved in C:\Users\91900/.ssh/id_ed25519.pub
<------important--------?

The key fingerprint is:
SHA256:fk58RIJrh/wfaW+MZeku4/ZTS2lyp2+LR71Lib/5JF0 91900@LAPTOP-H6Q4K34F
The key's randomart image is:
+--[ED25519 256]--+
|                 |
|         .       |
|        . . .    |
|       . o o     |
|        S . .  .E|
|       o + . o=B*|
|        . = =BB=*|
|         + +=oX*o|
|          .ooB=XB|
+----[SHA256]-----+

#Step2:
go to the path [ Your public key has been saved in "C:\Users\91900/.ssh " ]
and then list all the file present inside .shh and open "id_rsa.pub". this will give us the key

output:
PS D:\Git-command> cd C:\Users\91900\.ssh
PS C:\Users\91900\.ssh> dir


    Directory: C:\Users\91900\.ssh


Mode                 LastWriteTime         Length Name                                              
----                 -------------         ------ ----                                              
-a----          7/2/2026  11:09 PM            411 id_ed25519                                        
-a----          7/2/2026  11:09 PM            104 id_ed25519.pub                                    
-a----         4/17/2026   9:43 PM           3389 id_rsa                                            
-a----         4/17/2026   9:43 PM            749 id_rsa.pub                                        
-a----         4/17/2026   9:55 PM            828 known_hosts                                       
-a----         4/17/2026   9:54 PM             92 known_hosts.old                                   


PS C:\Users\91900\.ssh> cat id_rsa.pub        
ssh-rsa AAAAB3NzaC1yc2EAAAADAQABAAACAQDJYdtrOXfdS0IAqp2h9luhl8HxBo8LDO7
fZql04hpiywofHhs14Ao7Y1a4u8zLzyZ1fG0V8Gv29g19egekg++QcTG9GjKJ00tUAm4SsF
Qkfu1/aCMpfOyqKt9Pv8XdoNRwGIO9Fgk5ge+DbUCeMxSubW2SNs7t5X1x90Hnfrzqcq7n8
AcJ9yCMu+qy0KIzM7w5zmtCuRnkPA39yvDYTUNWV04SA107cVNFw3QBtrIMnACIaizmaF8l
0d6AF7ny3yP096kxAOERzGzULjGaXds+Wqiou4Oc2iMk5nCHDVEPyWcxv34c9gGjsyneyMC
yVa0fKqifsaqrbl4JVrHc88lizREfrhGksGiRyvZEFe9ZUBFuhk9ncH6+gf0s00PPQfol/H
tbE/bjs8l1QiMuC0Dj+DF8yCghvGbH5QE1lR6UZbqRb6JfHhQXKd9sZGrW5/+0CTJjCQ6iZ
/5gzVcwNMP+uMHPnuPqGnKs7bL00eGHAlk5G5RslsHHknZYQU7wOkiNtRhwUjZFBo5eWpj5
QUGWonBlFuPPT6oJ+lemsVdxxscSTSz5rrOK68wXP2w9NVOJWM5V0oLUXhmn7UGJnAaazGd
4iGRkZI7UXcJ2Q2chNIFpcPueT1nc41rGsXkORIDjQtIVfEplLubtueCvVI6CsN/0/HNE8n
BwvNrPqPJgYQ== sachincpp333@gmail.com

step3:
copy the key and then go to setting-->SSH and GPG key--> New SSH Key and create a key.

Step 4:
copy SSH code i.e, "git@github.com:callmepathak/git-service.git" say command

and execute command "git remote add origin command"

output:
PS D:\Git-command> git remote add origin git@github.com:callmepathak/git-service.git

step 5:
PS D:\Git-command> git push -u origin main
                      or
PS D:\Git-command> git push -u origin main --force
note:If the GitHub repository is new and you don't care about its existing content, 
     overwrite it.

<-----------points to remember------------------>

Option 1: Create a new repository on the command line
echo "# git-course" >> README.md
git init
git add README.md
git commit -m "first commit"
git branch -M main
git remote add origin git@github.com:navinreddy20/git-course.git
git push -u origin main

Option 2: Push an existing repository
git remote add origin git@github.com:navinreddy20/git-course.git
git branch -M main
git push -u origin main







